Microchip MPLAB XC8 Compiler V1.45 ()

Linker command line:

-W-3 --edf=/opt/microchip/xc8/v1.45/dat/en_msgs.txt -cs \
  -h+dist/default/production/adc.X.production.sym \
  --cmf=dist/default/production/adc.X.production.cmf -z -Q16F887 \
  -o/tmp/xcXwv1tVg -Mdist/default/production/adc.X.production.map -E1 \
  -ver=XC8 -ASTACK=0110h-016fh -pstack=STACK -ACODE=00h-07FFhx4 \
  -ASTRCODE=00h-01FFFh -ASTRING=00h-0FFhx32 -ACONST=00h-0FFhx32 \
  -AENTRY=00h-0FFhx32 -ACOMMON=070h-07Fh -ABANK0=020h-06Fh \
  -ABANK1=0A0h-0EFh -ABANK2=0110h-016Fh -ABANK3=0190h-01EFh \
  -ARAM=020h-06Fh,0A0h-0EFh,0110h-016Fh,0190h-01EFh \
  -AABS1=020h-07Fh,0A0h-0EFh,0110h-016Fh,0190h-01EFh -ASFR0=00h-01Fh \
  -ASFR1=080h-09Fh -ASFR2=0100h-010Fh -ASFR3=0180h-018Fh \
  -preset_vec=00h,intentry,init,end_init -ppowerup=CODE -pcinit=CODE \
  -pfunctab=ENTRY -ACONFIG=02007h-02008h -pconfig=CONFIG -DCONFIG=2 \
  -AIDLOC=02000h-02003h -pidloc=IDLOC -DIDLOC=2 -AEEDATA=00h-0FFh/02100h \
  -peeprom_data=EEDATA -DEEDATA=2 -DCODE=2 -DSTRCODE=2 -DSTRING=2 -DCONST=2 \
  -DENTRY=2 -k /tmp/xcXZiwvfK.obj \
  dist/default/production/adc.X.production.obj 

Object code version is 3.11

Machine type is 16F887



                Name                               Link     Load   Length Selector   Space Scale
/tmp/xcXZiwvfK.obj
                end_init                              0        0        3        0       0
                config                             2007     2007        1     400E       0
dist/default/production/adc.X.production.obj
                cinit                               7E8      7E8       18      FD0       0
                text28                              CC7      CC7       14     198E       0
                text27                              D94      D94       2E     1B28       0
                text26                              DFE      DFE       45     1BFC       0
                text25                              E43      E43       48     1C86       0
                text24                              DC2      DC2       3C     1B84       0
                text23                              F94      F94       6C     1F28       0
                text22                              C91      C91        B     1922       0
                text21                              C9C      C9C        C     1938       0
                text20                              C72      C72        7     18E4       0
                text19                                5        5       6C        A       0
                text18                              CDB      CDB       14     19B6       0
                text17                              198      198       B8      330       0
                text16                              ED9      ED9       5D     1DB2       0
                text15                              30A      30A       D1      614       0
                text14                              C79      C79        8     18F2       0
                text13                              4AD      4AD      107      95A       0
                text12                              D03      D03       21     1A06       0
                text11                               71       71       8E       E2       0
                text10                              D69      D69       2B     1AD2       0
                text9                               F36      F36       5E     1E6C       0
                text8                               E8B      E8B       4E     1D16       0
                text7                               D24      D24       21     1A48       0
                text6                               CA8      CA8        E     1950       0
                text5                               5B4      5B4      234      B68       0
                text4                               250      250       BA      4A0       0
                text3                               3DB      3DB       D2      7B6       0
                text2                                FF       FF       99      1FE       0
                text1                               C81      C81        8     1902       0
                maintext                            D45      D45       24     1A8A       0
                cstackBANK0                          20       20       4C       20       1
                cstackCOMMON                         70       70        E       70       1
                clrtext                             C89      C89        8     1912       0
                inittext                            CB6      CB6       11     196C       0
                dataBANK1                            A0       A0       14       A0       1
                bssBANK1                             B4       B4       11       A0       1
                strings                             800      800       39     1000       0
                idataBANK1                          CEF      CEF       14     19DE       0

TOTAL           Name                               Link     Load   Length     Space
        CLASS   STACK          

        CLASS   CODE           
                end_init                              0        0        3         0
                cinit                               7E8      7E8       18         0
                text28                              CC7      CC7       14         0
                text27                              D94      D94       2E         0
                text26                              DFE      DFE       45         0
                text25                              E43      E43       48         0
                text24                              DC2      DC2       3C         0
                text23                              F94      F94       6C         0
                text22                              C91      C91        B         0
                text21                              C9C      C9C        C         0
                text20                              C72      C72        7         0
                text19                                5        5       6C         0
                text18                              CDB      CDB       14         0
                text17                              198      198       B8         0
                text16                              ED9      ED9       5D         0
                text15                              30A      30A       D1         0
                text14                              C79      C79        8         0
                text13                              4AD      4AD      107         0
                text12                              D03      D03       21         0
                text11                               71       71       8E         0
                text10                              D69      D69       2B         0
                text9                               F36      F36       5E         0
                text8                               E8B      E8B       4E         0
                text7                               D24      D24       21         0
                text6                               CA8      CA8        E         0
                text5                               5B4      5B4      234         0
                text4                               250      250       BA         0
                text3                               3DB      3DB       D2         0
                text2                                FF       FF       99         0
                text1                               C81      C81        8         0
                maintext                            D45      D45       24         0
                clrtext                             C89      C89        8         0
                inittext                            CB6      CB6       11         0
                idataBANK1                          CEF      CEF       14         0

        CLASS   STRCODE        

        CLASS   STRING         
                strings                             800      800       39         0

        CLASS   CONST          

        CLASS   ENTRY          

        CLASS   COMMON         
                cstackCOMMON                         70       70        E         1

        CLASS   BANK0          
                cstackBANK0                          20       20       4C         1

        CLASS   BANK1          
                dataBANK1                            A0       A0       14         1
                bssBANK1                             B4       B4       11         1

        CLASS   BANK2          

        CLASS   BANK3          

        CLASS   RAM            

        CLASS   ABS1           
                abs_s1                               7E       7E        2         1

        CLASS   SFR0           

        CLASS   SFR1           

        CLASS   SFR2           

        CLASS   SFR3           

        CLASS   CONFIG         
                config                             2007     2007        1         0

        CLASS   IDLOC          

        CLASS   EEDATA         



SEGMENTS        Name                           Load    Length   Top    Selector   Space  Class     Delta

                reset_vec                      000000  000003  000003         0       0  CODE        2
                text19                         000005  00006C  000071         A       0  CODE        2
                cstackBANK0                    000020  00004C  00006C        20       1  BANK0       1
                cstackCOMMON                   000070  00000E  00007E        70       1  COMMON      1
                dataBANK1                      0000A0  000025  0000C5        A0       1  BANK1       1
                text11                         000071  00008E  0000FF        E2       0  CODE        2
                text2                          0000FF  000099  000198       1FE       0  CODE        2
                text17                         000198  0000B8  000250       330       0  CODE        2
                text4                          000250  0000BA  00030A       4A0       0  CODE        2
                text15                         00030A  0000D1  0003DB       614       0  CODE        2
                text3                          0003DB  0000D2  0004AD       7B6       0  CODE        2
                text13                         0004AD  000107  0005B4       95A       0  CODE        2
                text5                          0005B4  000234  0007E8       B68       0  CODE        2
                cinit                          0007E8  000018  000800       FD0       0  CODE        2
                strings                        000800  000039  000839      1000       0  STRING      2
                text20                         000C72  000007  000C79      18E4       0  CODE        2
                text14                         000C79  000008  000C81      18F2       0  CODE        2
                text1                          000C81  000008  000C89      1902       0  CODE        2
                clrtext                        000C89  000008  000C91      1912       0  CODE        2
                text22                         000C91  00000B  000C9C      1922       0  CODE        2
                text21                         000C9C  00000C  000CA8      1938       0  CODE        2
                text6                          000CA8  00000E  000CB6      1950       0  CODE        2
                inittext                       000CB6  000011  000CC7      196C       0  CODE        2
                text28                         000CC7  000014  000CDB      198E       0  CODE        2
                text18                         000CDB  000014  000CEF      19B6       0  CODE        2
                idataBANK1                     000CEF  000014  000D03      19DE       0  CODE        2
                text12                         000D03  000021  000D24      1A06       0  CODE        2
                text7                          000D24  000021  000D45      1A48       0  CODE        2
                maintext                       000D45  000024  000D69      1A8A       0  CODE        2
                text10                         000D69  00002B  000D94      1AD2       0  CODE        2
                text27                         000D94  00002E  000DC2      1B28       0  CODE        2
                text24                         000DC2  00003C  000DFE      1B84       0  CODE        2
                text26                         000DFE  000045  000E43      1BFC       0  CODE        2
                text25                         000E43  000048  000E8B      1C86       0  CODE        2
                text8                          000E8B  00004E  000ED9      1D16       0  CODE        2
                text16                         000ED9  00005D  000F36      1DB2       0  CODE        2
                text9                          000F36  00005E  000F94      1E6C       0  CODE        2
                text23                         000F94  00006C  001000      1F28       0  CODE        2
                config                         002007  000001  002008      400E       0  CONFIG      2


UNUSED ADDRESS RANGES

        Name                Unused          Largest block    Delta
        BANK0            006C-006F              4           1
        BANK1            00C5-00EF             2B           1
        BANK2            0110-016F             60           1
        BANK3            0190-01EF             60           1
        CODE             0003-0004              2           2
                         0839-0C71            439
                         1000-1FFF            800
        CONFIG           2008-2008              1           2
        CONST            0003-0004              2           2
                         0839-0C71            100
                         1000-1FFF            100
        EEDATA           2100-21FF            100           2
        ENTRY            0003-0004              2           2
                         0839-0C71            100
                         1000-1FFF            100
        IDLOC            2000-2003              4           2
        RAM              006C-006F              4           1
                         00C5-00EF             2B
                         0110-016F             60
                         0190-01EF             60
        SFR0             0000-001F             20           1
        SFR1             0080-009F             20           1
        SFR2             0100-010F             10           1
        SFR3             0180-018F             10           1
        STACK            0110-016F             60           1
        STRCODE          0003-0004              2           2
                         0839-0C71            439
                         1000-1FFF           1000
        STRING           0003-0004              2           2
                         0839-0C71            100
                         1000-1FFF            100

                                  Symbol Table

?___ftadd                 cstackCOMMON 0078
?___ftdiv                 cstackBANK0  002A
?___ftmul                 cstackCOMMON 0078
?___ftneg                 cstackCOMMON 0070
?___ftpack                cstackCOMMON 0070
?___ftsub                 cstackBANK0  0027
?___fttol                 cstackBANK0  002A
?___lldiv                 cstackCOMMON 0070
?___llmod                 cstackBANK0  0020
?___lltoft                cstackCOMMON 0078
?___lwtoft                cstackCOMMON 0078
?___wmul                  cstackCOMMON 0070
?_sprintf                 cstackBANK0  002A
_ADCON0bits               (abs)        001F
_ADCON1bits               (abs)        009F
_ADRESH                   (abs)        001E
_ADRESL                   (abs)        009E
_ANSEL                    (abs)        0188
_ANSELH                   (abs)        0189
_INTCONbits               (abs)        000B
_OPTION_REGbits           (abs)        0081
_OSCCONbits               (abs)        008F
_PIR1bits                 (abs)        000C
_PORTD                    (abs)        0008
_PORTEbits                (abs)        0009
_RCSTAbits                (abs)        0018
_TMR0                     (abs)        0001
_TRISB                    (abs)        0086
_TRISD                    (abs)        0088
_TRISE                    (abs)        0089
_TXREG                    (abs)        0019
_TXSTAbits                (abs)        0098
__CFG_FCMEN$OFF           (abs)        0000
__CFG_FOSC$INTRC_NOCLKOUT (abs)        0000
__CFG_IESO$OFF            (abs)        0000
__CFG_WDTE$OFF            (abs)        0000
__Habs1                   abs1         0000
__Hbank0                  bank0        0000
__Hbank1                  bank1        0000
__Hbank2                  bank2        0000
__Hbank3                  bank3        0000
__HbssBANK1               bssBANK1     0000
__Hcinit                  cinit        0800
__Hclrtext                clrtext      0000
__Hcode                   code         0000
__Hcommon                 common       0000
__Hconfig                 config       2008
__HcstackBANK0            cstackBANK0  0000
__HcstackCOMMON           cstackCOMMON 0000
__HdataBANK1              dataBANK1    0000
__Heeprom_data            eeprom_data  0000
__Hend_init               end_init     0003
__Hfunctab                functab      0000
__HidataBANK1             idataBANK1   0000
__Hidloc                  idloc        0000
__Hinit                   init         0000
__Hinittext               inittext     0000
__Hintentry               intentry     0000
__Hmaintext               maintext     0000
__Hpowerup                powerup      0000
__Hram                    ram          0000
__Hreset_vec              reset_vec    0000
__Hsfr0                   sfr0         0000
__Hsfr1                   sfr1         0000
__Hsfr2                   sfr2         0000
__Hsfr3                   sfr3         0000
__Hspace_0                (abs)        2008
__Hspace_1                (abs)        00C5
__Hspace_2                (abs)        0000
__Hspace_3                (abs)        0000
__Hstack                  stack        0000
__Hstrings                strings      0000
__Htext                   text         0000
__Labs1                   abs1         0000
__Lbank0                  bank0        0000
__Lbank1                  bank1        0000
__Lbank2                  bank2        0000
__Lbank3                  bank3        0000
__LbssBANK1               bssBANK1     0000
__Lcinit                  cinit        07E8
__Lclrtext                clrtext      0000
__Lcode                   code         0000
__Lcommon                 common       0000
__Lconfig                 config       2007
__LcstackBANK0            cstackBANK0  0000
__LcstackCOMMON           cstackCOMMON 0000
__LdataBANK1              dataBANK1    0000
__Leeprom_data            eeprom_data  0000
__Lend_init               end_init     0000
__Lfunctab                functab      0000
__LidataBANK1             idataBANK1   0000
__Lidloc                  idloc        0000
__Linit                   init         0000
__Linittext               inittext     0000
__Lintentry               intentry     0000
__Lmaintext               maintext     0000
__Lpowerup                powerup      0000
__Lram                    ram          0000
__Lreset_vec              reset_vec    0000
__Lsfr0                   sfr0         0000
__Lsfr1                   sfr1         0000
__Lsfr2                   sfr2         0000
__Lsfr3                   sfr3         0000
__Lspace_0                (abs)        0000
__Lspace_1                (abs)        0000
__Lspace_2                (abs)        0000
__Lspace_3                (abs)        0000
__Lstack                  stack        0000
__Lstrings                strings      0000
__Ltext                   text         0000
__S0                      (abs)        2008
__S1                      (abs)        00C5
__S2                      (abs)        0000
__S3                      (abs)        0000
___ftadd                  text13       04AD
___ftadd@exp1             cstackBANK0  0026
___ftadd@exp2             cstackBANK0  0025
___ftadd@f1               cstackCOMMON 0078
___ftadd@f2               cstackCOMMON 007B
___ftadd@sign             cstackBANK0  0024
___ftdiv                  text17       0198
___ftdiv@cntr             cstackBANK0  0034
___ftdiv@exp              cstackBANK0  0038
___ftdiv@f1               cstackBANK0  002D
___ftdiv@f2               cstackBANK0  002A
___ftdiv@f3               cstackBANK0  0035
___ftdiv@sign             cstackBANK0  0039
___ftge                   text16       0ED9
___ftge@ff1               cstackCOMMON 0070
___ftge@ff2               cstackCOMMON 0073
___ftmul                  text15       030A
___ftmul@cntr             cstackBANK0  0028
___ftmul@exp              cstackBANK0  0024
___ftmul@f1               cstackCOMMON 0078
___ftmul@f2               cstackCOMMON 007B
___ftmul@f3_as_product    cstackBANK0  0025
___ftmul@sign             cstackBANK0  0029
___ftneg                  text14       0C79
___ftneg@f1               cstackCOMMON 0070
___ftpack                 text19       0005
___ftpack@arg             cstackCOMMON 0070
___ftpack@exp             cstackCOMMON 0073
___ftpack@sign            cstackCOMMON 0074
___ftsub                  text12       0D03
___ftsub@f1               cstackBANK0  002A
___ftsub@f2               cstackBANK0  0027
___fttol                  text11       0071
___fttol@exp1             cstackBANK0  0037
___fttol@f1               cstackBANK0  002A
___fttol@lval             cstackBANK0  0033
___fttol@sign1            cstackBANK0  0032
___int_sp                 stack        0000
___latbits                (abs)        0002
___lldiv                  text9        0F36
___lldiv@counter          cstackCOMMON 007D
___lldiv@dividend         cstackCOMMON 0074
___lldiv@divisor          cstackCOMMON 0070
___lldiv@quotient         cstackCOMMON 0079
___llmod                  text8        0E8B
___llmod@counter          cstackBANK0  0029
___llmod@dividend         cstackBANK0  0024
___llmod@divisor          cstackBANK0  0020
___lltoft                 text10       0D69
___lltoft@c               cstackCOMMON 0078
___lltoft@exp             cstackCOMMON 007D
___lwtoft                 text18       0CDB
___lwtoft@c               cstackCOMMON 0078
___sp                     stack        0000
___wmul                   text7        0D24
___wmul@multiplicand      cstackCOMMON 0072
___wmul@multiplier        cstackCOMMON 0070
___wmul@product           cstackCOMMON 0074
__end_of___ftadd          text13       05B4
__end_of___ftdiv          text17       0250
__end_of___ftge           text16       0F36
__end_of___ftmul          text15       03DB
__end_of___ftneg          text14       0C81
__end_of___ftpack         text19       0071
__end_of___ftsub          text12       0D24
__end_of___fttol          text11       00FF
__end_of___lldiv          text9        0F94
__end_of___llmod          text8        0ED9
__end_of___lltoft         text10       0D94
__end_of___lwtoft         text18       0CEF
__end_of___wmul           text7        0D45
__end_of__initialization  cinit        07FC
__end_of__stringtab       strings      0806
__end_of_comando          text26       0E43
__end_of_confBusLCD       text27       0DC2
__end_of_configADC        text28       0CDB
__end_of_configLCD        text23       1000
__end_of_configTimer      text22       0C9C
__end_of_configUART       text21       0CA8
__end_of_dato             text25       0E8B
__end_of_defineChar       text24       0DFE
__end_of_dpowers          strings      082E
__end_of_ftoa             text4        030A
__end_of_isdigit          text6        0CB6
__end_of_main             maintext     0D69
__end_of_printADC         text3        04AD
__end_of_runADC           text20       0C79
__end_of_sendADC          text2        0198
__end_of_sprintf          text5        07E8
__end_of_waitTimer        text1        0C89
__initialization          cinit        07E8
__pbssBANK1               bssBANK1     00B4
__pcstackBANK0            cstackBANK0  0020
__pcstackCOMMON           cstackCOMMON 0070
__pdataBANK1              dataBANK1    00A0
__pidataBANK1             idataBANK1   0CEF
__pmaintext               maintext     0D45
__pstrings                strings      0800
__ptext1                  text1        0C81
__ptext10                 text10       0D69
__ptext11                 text11       0071
__ptext12                 text12       0D03
__ptext13                 text13       04AD
__ptext14                 text14       0C79
__ptext15                 text15       030A
__ptext16                 text16       0ED9
__ptext17                 text17       0198
__ptext18                 text18       0CDB
__ptext19                 text19       0005
__ptext2                  text2        00FF
__ptext20                 text20       0C72
__ptext21                 text21       0C9C
__ptext22                 text22       0C91
__ptext23                 text23       0F94
__ptext24                 text24       0DC2
__ptext25                 text25       0E43
__ptext26                 text26       0DFE
__ptext27                 text27       0D94
__ptext28                 text28       0CC7
__ptext3                  text3        03DB
__ptext4                  text4        0250
__ptext5                  text5        05B4
__ptext6                  text6        0CA8
__ptext7                  text7        0D24
__ptext8                  text8        0E8B
__ptext9                  text9        0F36
__size_of___ftadd         (abs)        0000
__size_of___ftdiv         (abs)        0000
__size_of___ftge          (abs)        0000
__size_of___ftmul         (abs)        0000
__size_of___ftneg         (abs)        0000
__size_of___ftpack        (abs)        0000
__size_of___ftsub         (abs)        0000
__size_of___fttol         (abs)        0000
__size_of___lldiv         (abs)        0000
__size_of___llmod         (abs)        0000
__size_of___lltoft        (abs)        0000
__size_of___lwtoft        (abs)        0000
__size_of___wmul          (abs)        0000
__size_of_comando         (abs)        0000
__size_of_confBusLCD      (abs)        0000
__size_of_configADC       (abs)        0000
__size_of_configLCD       (abs)        0000
__size_of_configTimer     (abs)        0000
__size_of_configUART      (abs)        0000
__size_of_dato            (abs)        0000
__size_of_defineChar      (abs)        0000
__size_of_ftoa            (abs)        0000
__size_of_isdigit         (abs)        0000
__size_of_main            (abs)        0000
__size_of_printADC        (abs)        0000
__size_of_runADC          (abs)        0000
__size_of_sendADC         (abs)        0000
__size_of_sprintf         (abs)        0000
__size_of_waitTimer       (abs)        0000
__stringbase              strings      0805
__stringtab               strings      0800
_comando                  text26       0DFE
_confBusLCD               text27       0D94
_configADC                text28       0CC7
_configLCD                text23       0F94
_configTimer              text22       0C91
_configUART               text21       0C9C
_dato                     text25       0E43
_defineChar               text24       0DC2
_dpowers                  strings      0806
_ftoa                     text4        0250
_isdigit                  text6        0CA8
_isdigit$674              cstackCOMMON 0070
_main                     maintext     0D45
_printADC                 text3        03DB
_runADC                   text20       0C72
_sendADC                  text2        00FF
_sprintf                  text5        05B4
_waitTimer                text1        0C81
btemp                     (abs)        007E
clear_ram0                clrtext      0C89
comando@com               cstackCOMMON 0070
comando@estado            cstackCOMMON 0074
comando@t                 cstackCOMMON 0076
confBusLCD@estado         cstackCOMMON 0072
confBusLCD@t              cstackCOMMON 0074
configLCD@F1828           dataBANK1    00A0
configLCD@i               cstackBANK0  0039
configLCD@msg             cstackBANK0  002D
dato@dat                  cstackCOMMON 0070
dato@estado               cstackCOMMON 0074
dato@t                    cstackCOMMON 0076
defineChar@F1815          dataBANK1    00AC
defineChar@data           cstackBANK0  0020
defineChar@i              cstackBANK0  0028
end_of_initialization     cinit        07FC
ftoa@buf                  bssBANK1     00B4
ftoa@cp                   cstackBANK0  0052
ftoa@f                    cstackBANK0  0044
ftoa@l                    cstackBANK0  004E
ftoa@rem                  cstackBANK0  004A
ftoa@status               cstackBANK0  0047
init_fetch0               inittext     0CB6
init_ram0                 inittext     0CBA
intlevel0                 functab      0000
intlevel1                 functab      0000
intlevel2                 functab      0000
intlevel3                 functab      0000
intlevel4                 functab      0000
intlevel5                 functab      0000
isdigit@c                 cstackCOMMON 0071
printADC@buf              cstackBANK0  005D
printADC@i                cstackBANK0  005E
printADC@j                cstackBANK0  005C
printADC@temperature      cstackBANK0  0059
printADC@value            cstackBANK0  0053
reset_vec                 reset_vec    0000
sendADC@aux               cstackBANK0  0069
sendADC@converted         cstackBANK0  0064
sendADC@medicion          cstackBANK0  0067
sendADC@parteA            cstackBANK0  006B
sendADC@parteB            cstackBANK0  006A
sprintf@ap                cstackBANK0  0039
sprintf@c                 cstackBANK0  0043
sprintf@f                 cstackBANK0  002A
sprintf@flag              cstackBANK0  0038
sprintf@prec              cstackBANK0  0041
sprintf@sp                cstackBANK0  003E
sprintf@val               cstackBANK0  003A
sprintf@width             cstackBANK0  003F
stackhi                   (abs)        0000
stacklo                   (abs)        0000
start                     init         0000
start_initialization      cinit        07E8
wtemp0                    (abs)        007E


FUNCTION INFORMATION:

 *************** function _main *****************
 Defined at:
		line 26 in file "adc_main.c"
 Parameters:    Size  Location     Type
		None
 Auto vars:     Size  Location     Type
		None
 Return value:  Size  Location     Type
                  1    wreg      void 
 Registers used:
		wreg, fsr0l, fsr0h, status,2, status,0, btemp+1, pclath, cstack
 Tracked objects:
		On entry : 
		On exit  : 
		Unchanged: 
 Data sizes:     COMMON   BANK0   BANK1   BANK3   BANK2
      Params:         0       0       0       0       0
      Locals:         0       0       0       0       0
      Temps:          0       0       0       0       0
      Totals:         0       0       0       0       0
Total ram usage:        0 bytes
 Hardware stack levels required when called:    6
 This function calls:
		_configADC
		_configLCD
		_configTimer
		_configUART
		_runADC
		_sendADC
		_waitTimer
 This function is called by:
		Startup code after reset
 This function uses a non-reentrant model


 *************** function _waitTimer *****************
 Defined at:
		line 67 in file "adc_main.c"
 Parameters:    Size  Location     Type
		None
 Auto vars:     Size  Location     Type
		None
 Return value:  Size  Location     Type
                  1    wreg      void 
 Registers used:
		wreg
 Tracked objects:
		On entry : 
		On exit  : 
		Unchanged: 
 Data sizes:     COMMON   BANK0   BANK1   BANK3   BANK2
      Params:         0       0       0       0       0
      Locals:         0       0       0       0       0
      Temps:          0       0       0       0       0
      Totals:         0       0       0       0       0
Total ram usage:        0 bytes
 Hardware stack levels used:    1
 This function calls:
		Nothing
 This function is called by:
		_main
		_wait10Timers
 This function uses a non-reentrant model


 *************** function _sendADC *****************
 Defined at:
		line 87 in file "adc_main.c"
 Parameters:    Size  Location     Type
		None
 Auto vars:     Size  Location     Type
  converted       3   68[BANK0 ] float 
  medicion        2   71[BANK0 ] unsigned short 
  parteA          1   75[BANK0 ] unsigned char 
  parteB          1   74[BANK0 ] unsigned char 
  aux             1   73[BANK0 ] unsigned char 
 Return value:  Size  Location     Type
                  1    wreg      void 
 Registers used:
		wreg, fsr0l, fsr0h, status,2, status,0, btemp+1, pclath, cstack
 Tracked objects:
		On entry : 
		On exit  : 
		Unchanged: 
 Data sizes:     COMMON   BANK0   BANK1   BANK3   BANK2
      Params:         0       0       0       0       0
      Locals:         0       8       0       0       0
      Temps:          0       4       0       0       0
      Totals:         0      12       0       0       0
Total ram usage:       12 bytes
 Hardware stack levels used:    1
 Hardware stack levels required when called:    5
 This function calls:
		___ftdiv
		___lwtoft
		___wmul
		_printADC
 This function is called by:
		_main
 This function uses a non-reentrant model


 *************** function _printADC *****************
 Defined at:
		line 112 in file "adc_main.c"
 Parameters:    Size  Location     Type
  value           3   51[BANK0 ] float 
 Auto vars:     Size  Location     Type
  temperature     3   57[BANK0 ] float 
  i               2   62[BANK0 ] int 
  buf             1   61[BANK0 ] PTR unsigned char 
		 -> ftoa@buf(17), 
  j               1   60[BANK0 ] unsigned char 
 Return value:  Size  Location     Type
                  1    wreg      void 
 Registers used:
		wreg, fsr0l, fsr0h, status,2, status,0, pclath, cstack
 Tracked objects:
		On entry : 
		On exit  : 
		Unchanged: 
 Data sizes:     COMMON   BANK0   BANK1   BANK3   BANK2
      Params:         0       3       0       0       0
      Locals:         0       7       0       0       0
      Temps:          0       3       0       0       0
      Totals:         0      13       0       0       0
Total ram usage:       13 bytes
 Hardware stack levels used:    1
 Hardware stack levels required when called:    4
 This function calls:
		___ftdiv
		___ftge
		___ftmul
		_comando
		_dato
		_ftoa
 This function is called by:
		_sendADC
 This function uses a non-reentrant model


 *************** function _ftoa *****************
 Defined at:
		line 6 in file "/opt/microchip/xc8/v1.45/sources/common/ftoa.c"
 Parameters:    Size  Location     Type
  f               3   36[BANK0 ] float 
  status          2   39[BANK0 ] PTR int 
		 -> RAM(512), 
 Auto vars:     Size  Location     Type
  l               4   46[BANK0 ] unsigned long 
  rem             4   42[BANK0 ] unsigned long 
  cp              1   50[BANK0 ] PTR unsigned char 
		 -> ftoa@buf(17), 
 Return value:  Size  Location     Type
                  1    wreg      PTR unsigned char 
 Registers used:
		wreg, fsr0l, fsr0h, status,2, status,0, pclath, cstack
 Tracked objects:
		On entry : 
		On exit  : 
		Unchanged: 
 Data sizes:     COMMON   BANK0   BANK1   BANK3   BANK2
      Params:         0       5       0       0       0
      Locals:         0       9       0       0       0
      Temps:          0       1       0       0       0
      Totals:         0      15       0       0       0
Total ram usage:       15 bytes
 Hardware stack levels used:    1
 Hardware stack levels required when called:    3
 This function calls:
		___ftge
		___ftmul
		___ftneg
		___ftsub
		___fttol
		___lltoft
		_sprintf
 This function is called by:
		_printADC
 This function uses a non-reentrant model


 *************** function _sprintf *****************
 Defined at:
		line 492 in file "/opt/microchip/xc8/v1.45/sources/common/doprnt.c"
 Parameters:    Size  Location     Type
  sp              1    wreg     PTR unsigned char 
		 -> ftoa@buf(17), 
  f               1   10[BANK0 ] PTR const unsigned char 
		 -> STR_1(11), 
 Auto vars:     Size  Location     Type
  sp              1   30[BANK0 ] PTR unsigned char 
		 -> ftoa@buf(17), 
  val             4   26[BANK0 ] unsigned long 
  tmpval          4    0        struct .
  prec            2   33[BANK0 ] int 
  width           2   31[BANK0 ] int 
  cp              2    0        PTR const unsigned char 
  len             2    0        unsigned int 
  c               1   35[BANK0 ] char 
  ap              1   25[BANK0 ] PTR void [1]
		 -> ?_sprintf(2), 
  flag            1   24[BANK0 ] unsigned char 
 Return value:  Size  Location     Type
                  2   10[BANK0 ] int 
 Registers used:
		wreg, fsr0l, fsr0h, status,2, status,0, pclath, cstack
 Tracked objects:
		On entry : 
		On exit  : 
		Unchanged: 
 Data sizes:     COMMON   BANK0   BANK1   BANK3   BANK2
      Params:         0       9       0       0       0
      Locals:         0      12       0       0       0
      Temps:          0       5       0       0       0
      Totals:         0      26       0       0       0
Total ram usage:       26 bytes
 Hardware stack levels used:    1
 Hardware stack levels required when called:    1
 This function calls:
		___lldiv
		___llmod
		___wmul
		_isdigit
 This function is called by:
		_ftoa
 This function uses a non-reentrant model


 *************** function _isdigit *****************
 Defined at:
		line 8 in file "/opt/microchip/xc8/v1.45/sources/common/isdigit.c"
 Parameters:    Size  Location     Type
  c               1    wreg     unsigned char 
 Auto vars:     Size  Location     Type
  c               1    1[COMMON] unsigned char 
 Return value:  Size  Location     Type
		None               void
 Registers used:
		wreg, status,2, status,0
 Tracked objects:
		On entry : 
		On exit  : 
		Unchanged: 
 Data sizes:     COMMON   BANK0   BANK1   BANK3   BANK2
      Params:         0       0       0       0       0
      Locals:         2       0       0       0       0
      Temps:          0       0       0       0       0
      Totals:         2       0       0       0       0
Total ram usage:        2 bytes
 Hardware stack levels used:    1
 This function calls:
		Nothing
 This function is called by:
		_sprintf
 This function uses a non-reentrant model


 *************** function ___wmul *****************
 Defined at:
		line 15 in file "/opt/microchip/xc8/v1.45/sources/common/Umul16.c"
 Parameters:    Size  Location     Type
  multiplier      2    0[COMMON] unsigned int 
  multiplicand    2    2[COMMON] unsigned int 
 Auto vars:     Size  Location     Type
  product         2    4[COMMON] unsigned int 
 Return value:  Size  Location     Type
                  2    0[COMMON] unsigned int 
 Registers used:
		wreg, status,2, status,0
 Tracked objects:
		On entry : 
		On exit  : 
		Unchanged: 
 Data sizes:     COMMON   BANK0   BANK1   BANK3   BANK2
      Params:         4       0       0       0       0
      Locals:         2       0       0       0       0
      Temps:          0       0       0       0       0
      Totals:         6       0       0       0       0
Total ram usage:        6 bytes
 Hardware stack levels used:    1
 This function calls:
		Nothing
 This function is called by:
		_sendADC
		_sprintf
 This function uses a non-reentrant model


 *************** function ___llmod *****************
 Defined at:
		line 6 in file "/opt/microchip/xc8/v1.45/sources/common/llmod.c"
 Parameters:    Size  Location     Type
  divisor         4    0[BANK0 ] unsigned long 
  dividend        4    4[BANK0 ] unsigned long 
 Auto vars:     Size  Location     Type
  counter         1    9[BANK0 ] unsigned char 
 Return value:  Size  Location     Type
                  4    0[BANK0 ] unsigned long 
 Registers used:
		wreg, status,2, status,0
 Tracked objects:
		On entry : 
		On exit  : 
		Unchanged: 
 Data sizes:     COMMON   BANK0   BANK1   BANK3   BANK2
      Params:         0       8       0       0       0
      Locals:         0       1       0       0       0
      Temps:          0       1       0       0       0
      Totals:         0      10       0       0       0
Total ram usage:       10 bytes
 Hardware stack levels used:    1
 This function calls:
		Nothing
 This function is called by:
		_sprintf
 This function uses a non-reentrant model


 *************** function ___lldiv *****************
 Defined at:
		line 6 in file "/opt/microchip/xc8/v1.45/sources/common/lldiv.c"
 Parameters:    Size  Location     Type
  divisor         4    0[COMMON] unsigned long 
  dividend        4    4[COMMON] unsigned long 
 Auto vars:     Size  Location     Type
  quotient        4    9[COMMON] unsigned long 
  counter         1   13[COMMON] unsigned char 
 Return value:  Size  Location     Type
                  4    0[COMMON] unsigned long 
 Registers used:
		wreg, status,2, status,0
 Tracked objects:
		On entry : 
		On exit  : 
		Unchanged: 
 Data sizes:     COMMON   BANK0   BANK1   BANK3   BANK2
      Params:         8       0       0       0       0
      Locals:         5       0       0       0       0
      Temps:          1       0       0       0       0
      Totals:        14       0       0       0       0
Total ram usage:       14 bytes
 Hardware stack levels used:    1
 This function calls:
		Nothing
 This function is called by:
		_sprintf
 This function uses a non-reentrant model


 *************** function ___lltoft *****************
 Defined at:
		line 35 in file "/opt/microchip/xc8/v1.45/sources/common/lltoft.c"
 Parameters:    Size  Location     Type
  c               4    8[COMMON] unsigned long 
 Auto vars:     Size  Location     Type
  exp             1   13[COMMON] unsigned char 
 Return value:  Size  Location     Type
                  3    8[COMMON] float 
 Registers used:
		wreg, status,2, status,0, pclath, cstack
 Tracked objects:
		On entry : 
		On exit  : 
		Unchanged: 
 Data sizes:     COMMON   BANK0   BANK1   BANK3   BANK2
      Params:         4       0       0       0       0
      Locals:         1       0       0       0       0
      Temps:          1       0       0       0       0
      Totals:         6       0       0       0       0
Total ram usage:        6 bytes
 Hardware stack levels used:    1
 Hardware stack levels required when called:    1
 This function calls:
		___ftpack
 This function is called by:
		_ftoa
 This function uses a non-reentrant model


 *************** function ___fttol *****************
 Defined at:
		line 44 in file "/opt/microchip/xc8/v1.45/sources/common/fttol.c"
 Parameters:    Size  Location     Type
  f1              3   10[BANK0 ] float 
 Auto vars:     Size  Location     Type
  lval            4   19[BANK0 ] unsigned long 
  exp1            1   23[BANK0 ] unsigned char 
  sign1           1   18[BANK0 ] unsigned char 
 Return value:  Size  Location     Type
                  4   10[BANK0 ] long 
 Registers used:
		wreg, status,2, status,0
 Tracked objects:
		On entry : 
		On exit  : 
		Unchanged: 
 Data sizes:     COMMON   BANK0   BANK1   BANK3   BANK2
      Params:         0       4       0       0       0
      Locals:         0       6       0       0       0
      Temps:          0       4       0       0       0
      Totals:         0      14       0       0       0
Total ram usage:       14 bytes
 Hardware stack levels used:    1
 This function calls:
		Nothing
 This function is called by:
		_ftoa
 This function uses a non-reentrant model


 *************** function ___ftsub *****************
 Defined at:
		line 18 in file "/opt/microchip/xc8/v1.45/sources/common/ftsub.c"
 Parameters:    Size  Location     Type
  f2              3    7[BANK0 ] float 
  f1              3   10[BANK0 ] float 
 Auto vars:     Size  Location     Type
		None
 Return value:  Size  Location     Type
                  3    7[BANK0 ] float 
 Registers used:
		wreg, status,2, status,0, pclath, cstack
 Tracked objects:
		On entry : 
		On exit  : 
		Unchanged: 
 Data sizes:     COMMON   BANK0   BANK1   BANK3   BANK2
      Params:         0       6       0       0       0
      Locals:         0       0       0       0       0
      Temps:          0       0       0       0       0
      Totals:         0       6       0       0       0
Total ram usage:        6 bytes
 Hardware stack levels used:    1
 Hardware stack levels required when called:    2
 This function calls:
		___ftadd
 This function is called by:
		_ftoa
 This function uses a non-reentrant model


 *************** function ___ftadd *****************
 Defined at:
		line 86 in file "/opt/microchip/xc8/v1.45/sources/common/ftadd.c"
 Parameters:    Size  Location     Type
  f1              3    8[COMMON] float 
  f2              3   11[COMMON] float 
 Auto vars:     Size  Location     Type
  exp1            1    6[BANK0 ] unsigned char 
  exp2            1    5[BANK0 ] unsigned char 
  sign            1    4[BANK0 ] unsigned char 
 Return value:  Size  Location     Type
                  3    8[COMMON] float 
 Registers used:
		wreg, status,2, status,0, pclath, cstack
 Tracked objects:
		On entry : 
		On exit  : 
		Unchanged: 
 Data sizes:     COMMON   BANK0   BANK1   BANK3   BANK2
      Params:         6       0       0       0       0
      Locals:         0       3       0       0       0
      Temps:          0       4       0       0       0
      Totals:         6       7       0       0       0
Total ram usage:       13 bytes
 Hardware stack levels used:    1
 Hardware stack levels required when called:    1
 This function calls:
		___ftpack
 This function is called by:
		___ftsub
 This function uses a non-reentrant model


 *************** function ___ftneg *****************
 Defined at:
		line 15 in file "/opt/microchip/xc8/v1.45/sources/common/ftneg.c"
 Parameters:    Size  Location     Type
  f1              3    0[COMMON] float 
 Auto vars:     Size  Location     Type
		None
 Return value:  Size  Location     Type
                  3    0[COMMON] float 
 Registers used:
		wreg
 Tracked objects:
		On entry : 
		On exit  : 
		Unchanged: 
 Data sizes:     COMMON   BANK0   BANK1   BANK3   BANK2
      Params:         3       0       0       0       0
      Locals:         0       0       0       0       0
      Temps:          0       0       0       0       0
      Totals:         3       0       0       0       0
Total ram usage:        3 bytes
 Hardware stack levels used:    1
 This function calls:
		Nothing
 This function is called by:
		_ftoa
 This function uses a non-reentrant model


 *************** function ___ftmul *****************
 Defined at:
		line 62 in file "/opt/microchip/xc8/v1.45/sources/common/ftmul.c"
 Parameters:    Size  Location     Type
  f1              3    8[COMMON] float 
  f2              3   11[COMMON] float 
 Auto vars:     Size  Location     Type
  f3_as_produc    3    5[BANK0 ] unsigned um
  sign            1    9[BANK0 ] unsigned char 
  cntr            1    8[BANK0 ] unsigned char 
  exp             1    4[BANK0 ] unsigned char 
 Return value:  Size  Location     Type
                  3    8[COMMON] float 
 Registers used:
		wreg, status,2, status,0, pclath, cstack
 Tracked objects:
		On entry : 
		On exit  : 
		Unchanged: 
 Data sizes:     COMMON   BANK0   BANK1   BANK3   BANK2
      Params:         6       0       0       0       0
      Locals:         0       6       0       0       0
      Temps:          0       4       0       0       0
      Totals:         6      10       0       0       0
Total ram usage:       16 bytes
 Hardware stack levels used:    1
 Hardware stack levels required when called:    1
 This function calls:
		___ftpack
 This function is called by:
		_printADC
		_ftoa
 This function uses a non-reentrant model


 *************** function ___ftge *****************
 Defined at:
		line 4 in file "/opt/microchip/xc8/v1.45/sources/common/ftge.c"
 Parameters:    Size  Location     Type
  ff1             3    0[COMMON] float 
  ff2             3    3[COMMON] float 
 Auto vars:     Size  Location     Type
		None
 Return value:  Size  Location     Type
		None               void
 Registers used:
		wreg, status,2, status,0
 Tracked objects:
		On entry : 
		On exit  : 
		Unchanged: 
 Data sizes:     COMMON   BANK0   BANK1   BANK3   BANK2
      Params:         6       0       0       0       0
      Locals:         0       0       0       0       0
      Temps:          6       0       0       0       0
      Totals:        12       0       0       0       0
Total ram usage:       12 bytes
 Hardware stack levels used:    1
 This function calls:
		Nothing
 This function is called by:
		_printADC
		_ftoa
 This function uses a non-reentrant model


 *************** function ___ftdiv *****************
 Defined at:
		line 56 in file "/opt/microchip/xc8/v1.45/sources/common/ftdiv.c"
 Parameters:    Size  Location     Type
  f2              3   10[BANK0 ] float 
  f1              3   13[BANK0 ] float 
 Auto vars:     Size  Location     Type
  f3              3   21[BANK0 ] float 
  sign            1   25[BANK0 ] unsigned char 
  exp             1   24[BANK0 ] unsigned char 
  cntr            1   20[BANK0 ] unsigned char 
 Return value:  Size  Location     Type
                  3   10[BANK0 ] float 
 Registers used:
		wreg, status,2, status,0, pclath, cstack
 Tracked objects:
		On entry : 
		On exit  : 
		Unchanged: 
 Data sizes:     COMMON   BANK0   BANK1   BANK3   BANK2
      Params:         0       6       0       0       0
      Locals:         0       6       0       0       0
      Temps:          0       4       0       0       0
      Totals:         0      16       0       0       0
Total ram usage:       16 bytes
 Hardware stack levels used:    1
 Hardware stack levels required when called:    1
 This function calls:
		___ftpack
 This function is called by:
		_sendADC
		_printADC
 This function uses a non-reentrant model


 *************** function ___lwtoft *****************
 Defined at:
		line 28 in file "/opt/microchip/xc8/v1.45/sources/common/lwtoft.c"
 Parameters:    Size  Location     Type
  c               2    8[COMMON] unsigned int 
 Auto vars:     Size  Location     Type
		None
 Return value:  Size  Location     Type
                  3    8[COMMON] float 
 Registers used:
		wreg, status,2, status,0, pclath, cstack
 Tracked objects:
		On entry : 
		On exit  : 
		Unchanged: 
 Data sizes:     COMMON   BANK0   BANK1   BANK3   BANK2
      Params:         3       0       0       0       0
      Locals:         0       0       0       0       0
      Temps:          1       0       0       0       0
      Totals:         4       0       0       0       0
Total ram usage:        4 bytes
 Hardware stack levels used:    1
 Hardware stack levels required when called:    1
 This function calls:
		___ftpack
 This function is called by:
		_sendADC
 This function uses a non-reentrant model


 *************** function ___ftpack *****************
 Defined at:
		line 62 in file "/opt/microchip/xc8/v1.45/sources/common/float.c"
 Parameters:    Size  Location     Type
  arg             3    0[COMMON] unsigned um
  exp             1    3[COMMON] unsigned char 
  sign            1    4[COMMON] unsigned char 
 Auto vars:     Size  Location     Type
		None
 Return value:  Size  Location     Type
                  3    0[COMMON] float 
 Registers used:
		wreg, status,2, status,0
 Tracked objects:
		On entry : 
		On exit  : 
		Unchanged: 
 Data sizes:     COMMON   BANK0   BANK1   BANK3   BANK2
      Params:         5       0       0       0       0
      Locals:         0       0       0       0       0
      Temps:          3       0       0       0       0
      Totals:         8       0       0       0       0
Total ram usage:        8 bytes
 Hardware stack levels used:    1
 This function calls:
		Nothing
 This function is called by:
		___ftadd
		___ftdiv
		___ftmul
		___lltoft
		___lwtoft
 This function uses a non-reentrant model


 *************** function _runADC *****************
 Defined at:
		line 80 in file "adc_main.c"
 Parameters:    Size  Location     Type
		None
 Auto vars:     Size  Location     Type
		None
 Return value:  Size  Location     Type
                  1    wreg      void 
 Registers used:
		None
 Tracked objects:
		On entry : 
		On exit  : 
		Unchanged: 
 Data sizes:     COMMON   BANK0   BANK1   BANK3   BANK2
      Params:         0       0       0       0       0
      Locals:         0       0       0       0       0
      Temps:          0       0       0       0       0
      Totals:         0       0       0       0       0
Total ram usage:        0 bytes
 Hardware stack levels used:    1
 This function calls:
		Nothing
 This function is called by:
		_main
 This function uses a non-reentrant model


 *************** function _configUART *****************
 Defined at:
		line 59 in file "adc_main.c"
 Parameters:    Size  Location     Type
		None
 Auto vars:     Size  Location     Type
		None
 Return value:  Size  Location     Type
                  1    wreg      void 
 Registers used:
		None
 Tracked objects:
		On entry : 
		On exit  : 
		Unchanged: 
 Data sizes:     COMMON   BANK0   BANK1   BANK3   BANK2
      Params:         0       0       0       0       0
      Locals:         0       0       0       0       0
      Temps:          0       0       0       0       0
      Totals:         0       0       0       0       0
Total ram usage:        0 bytes
 Hardware stack levels used:    1
 This function calls:
		Nothing
 This function is called by:
		_main
 This function uses a non-reentrant model


 *************** function _configTimer *****************
 Defined at:
		line 40 in file "adc_main.c"
 Parameters:    Size  Location     Type
		None
 Auto vars:     Size  Location     Type
		None
 Return value:  Size  Location     Type
                  1    wreg      void 
 Registers used:
		wreg
 Tracked objects:
		On entry : 
		On exit  : 
		Unchanged: 
 Data sizes:     COMMON   BANK0   BANK1   BANK3   BANK2
      Params:         0       0       0       0       0
      Locals:         0       0       0       0       0
      Temps:          0       0       0       0       0
      Totals:         0       0       0       0       0
Total ram usage:        0 bytes
 Hardware stack levels used:    1
 This function calls:
		Nothing
 This function is called by:
		_main
 This function uses a non-reentrant model


 *************** function _configLCD *****************
 Defined at:
		line 212 in file "adc_main.c"
 Parameters:    Size  Location     Type
		None
 Auto vars:     Size  Location     Type
  msg            12   13[BANK0 ] unsigned char [12]
  i               1   25[BANK0 ] unsigned char 
 Return value:  Size  Location     Type
                  1    wreg      void 
 Registers used:
		wreg, fsr0l, fsr0h, status,2, status,0, pclath, cstack
 Tracked objects:
		On entry : 
		On exit  : 
		Unchanged: 
 Data sizes:     COMMON   BANK0   BANK1   BANK3   BANK2
      Params:         0       0       0       0       0
      Locals:         0      13       0       0       0
      Temps:          0       4       0       0       0
      Totals:         0      17       0       0       0
Total ram usage:       17 bytes
 Hardware stack levels used:    1
 Hardware stack levels required when called:    2
 This function calls:
		_comando
		_confBusLCD
		_dato
		_defineChar
 This function is called by:
		_main
 This function uses a non-reentrant model


 *************** function _defineChar *****************
 Defined at:
		line 130 in file "adc_main.c"
 Parameters:    Size  Location     Type
		None
 Auto vars:     Size  Location     Type
  data            8    0[BANK0 ] unsigned char [8]
  i               1    8[BANK0 ] unsigned char 
  t               1    0        unsigned char 
 Return value:  Size  Location     Type
                  1    wreg      void 
 Registers used:
		wreg, fsr0l, fsr0h, status,2, status,0, pclath, cstack
 Tracked objects:
		On entry : 
		On exit  : 
		Unchanged: 
 Data sizes:     COMMON   BANK0   BANK1   BANK3   BANK2
      Params:         0       0       0       0       0
      Locals:         0       9       0       0       0
      Temps:          4       0       0       0       0
      Totals:         4       9       0       0       0
Total ram usage:       13 bytes
 Hardware stack levels used:    1
 Hardware stack levels required when called:    1
 This function calls:
		_comando
		_dato
 This function is called by:
		_configLCD
 This function uses a non-reentrant model


 *************** function _dato *****************
 Defined at:
		line 185 in file "adc_main.c"
 Parameters:    Size  Location     Type
  dat             2    0[COMMON] unsigned int 
 Auto vars:     Size  Location     Type
  t               2    6[COMMON] int 
  estado          2    4[COMMON] int 
 Return value:  Size  Location     Type
                  1    wreg      void 
 Registers used:
		wreg, status,2, status,0
 Tracked objects:
		On entry : 
		On exit  : 
		Unchanged: 
 Data sizes:     COMMON   BANK0   BANK1   BANK3   BANK2
      Params:         2       0       0       0       0
      Locals:         4       0       0       0       0
      Temps:          2       0       0       0       0
      Totals:         8       0       0       0       0
Total ram usage:        8 bytes
 Hardware stack levels used:    1
 This function calls:
		Nothing
 This function is called by:
		_printADC
		_defineChar
		_configLCD
 This function uses a non-reentrant model


 *************** function _comando *****************
 Defined at:
		line 159 in file "adc_main.c"
 Parameters:    Size  Location     Type
  com             2    0[COMMON] unsigned int 
 Auto vars:     Size  Location     Type
  t               2    6[COMMON] int 
  estado          2    4[COMMON] int 
 Return value:  Size  Location     Type
                  1    wreg      void 
 Registers used:
		wreg, status,2, status,0
 Tracked objects:
		On entry : 
		On exit  : 
		Unchanged: 
 Data sizes:     COMMON   BANK0   BANK1   BANK3   BANK2
      Params:         2       0       0       0       0
      Locals:         4       0       0       0       0
      Temps:          2       0       0       0       0
      Totals:         8       0       0       0       0
Total ram usage:        8 bytes
 Hardware stack levels used:    1
 This function calls:
		Nothing
 This function is called by:
		_printADC
		_defineChar
		_configLCD
 This function uses a non-reentrant model


 *************** function _confBusLCD *****************
 Defined at:
		line 138 in file "adc_main.c"
 Parameters:    Size  Location     Type
		None
 Auto vars:     Size  Location     Type
  t               2    4[COMMON] int 
  estado          2    2[COMMON] int 
 Return value:  Size  Location     Type
                  1    wreg      void 
 Registers used:
		wreg, status,2, status,0
 Tracked objects:
		On entry : 
		On exit  : 
		Unchanged: 
 Data sizes:     COMMON   BANK0   BANK1   BANK3   BANK2
      Params:         0       0       0       0       0
      Locals:         4       0       0       0       0
      Temps:          2       0       0       0       0
      Totals:         6       0       0       0       0
Total ram usage:        6 bytes
 Hardware stack levels used:    1
 This function calls:
		Nothing
 This function is called by:
		_configLCD
 This function uses a non-reentrant model


 *************** function _configADC *****************
 Defined at:
		line 48 in file "adc_main.c"
 Parameters:    Size  Location     Type
		None
 Auto vars:     Size  Location     Type
		None
 Return value:  Size  Location     Type
                  1    wreg      void 
 Registers used:
		wreg, status,2
 Tracked objects:
		On entry : 
		On exit  : 
		Unchanged: 
 Data sizes:     COMMON   BANK0   BANK1   BANK3   BANK2
      Params:         0       0       0       0       0
      Locals:         0       0       0       0       0
      Temps:          0       0       0       0       0
      Totals:         0       0       0       0       0
Total ram usage:        0 bytes
 Hardware stack levels used:    1
 This function calls:
		Nothing
 This function is called by:
		_main
 This function uses a non-reentrant model



MODULE INFORMATION

Module		Function		Class		Link	Load	Size
/opt/microchip/xc8/v1.45/sources/common/ftneg.c
		___ftneg       		CODE           	0C79	0000	9

/opt/microchip/xc8/v1.45/sources/common/ftneg.c estimated size: 9

/opt/microchip/xc8/v1.45/sources/common/ftsub.c
		___ftsub       		CODE           	0D03	0000	34

/opt/microchip/xc8/v1.45/sources/common/ftsub.c estimated size: 34

/opt/microchip/xc8/v1.45/sources/common/ftoa.c
		_ftoa          		CODE           	0250	0000	187

/opt/microchip/xc8/v1.45/sources/common/ftoa.c estimated size: 187

/opt/microchip/xc8/v1.45/sources/common/ftge.c
		___ftge        		CODE           	0ED9	0000	94

/opt/microchip/xc8/v1.45/sources/common/ftge.c estimated size: 94

/opt/microchip/xc8/v1.45/sources/common/float.c
		___ftpack      		CODE           	0005	0000	109

/opt/microchip/xc8/v1.45/sources/common/float.c estimated size: 109

/opt/microchip/xc8/v1.45/sources/common/ftmul.c
		___ftmul       		CODE           	030A	0000	210

/opt/microchip/xc8/v1.45/sources/common/ftmul.c estimated size: 210

/opt/microchip/xc8/v1.45/sources/common/ftdiv.c
		___ftdiv       		CODE           	0198	0000	185

/opt/microchip/xc8/v1.45/sources/common/ftdiv.c estimated size: 185

/opt/microchip/xc8/v1.45/sources/common/llmod.c
		___llmod       		CODE           	0E8B	0000	79

/opt/microchip/xc8/v1.45/sources/common/llmod.c estimated size: 79

/opt/microchip/xc8/v1.45/sources/common/lwtoft.c
		___lwtoft      		CODE           	0CDB	0000	21

/opt/microchip/xc8/v1.45/sources/common/lwtoft.c estimated size: 21

/opt/microchip/xc8/v1.45/sources/common/isdigit.c
		_isdigit       		CODE           	0CA8	0000	15

/opt/microchip/xc8/v1.45/sources/common/isdigit.c estimated size: 15

/opt/microchip/xc8/v1.45/sources/common/lltoft.c
		___lltoft      		CODE           	0D69	0000	44

/opt/microchip/xc8/v1.45/sources/common/lltoft.c estimated size: 44

shared
		__stringtab    		STRING         	0800	0000	7
		_dpowers       		STRING         	0806	0000	41
		__initialization		CODE           	07E8	0000	21

shared estimated size: 69

adc_main.c
		_comando       		CODE           	0DFE	0000	70
		_configADC     		CODE           	0CC7	0000	21
		_main          		CODE           	0D45	0000	37
		_configTimer   		CODE           	0C91	0000	12
		_sendADC       		CODE           	00FF	0000	154
		_waitTimer     		CODE           	0C81	0000	9
		_defineChar    		CODE           	0DC2	0000	61
		_confBusLCD    		CODE           	0D94	0000	47
		_dato          		CODE           	0E43	0000	73
		_printADC      		CODE           	03DB	0000	211
		_configLCD     		CODE           	0F94	0000	109
		_runADC        		CODE           	0C72	0000	8
		_configUART    		CODE           	0C9C	0000	13

adc_main.c estimated size: 825

/opt/microchip/xc8/v1.45/sources/common/fttol.c
		___fttol       		CODE           	0071	0000	143

/opt/microchip/xc8/v1.45/sources/common/fttol.c estimated size: 143

/opt/microchip/xc8/v1.45/sources/common/doprnt.c
		_sprintf       		CODE           	05B4	0000	565

/opt/microchip/xc8/v1.45/sources/common/doprnt.c estimated size: 565

/opt/microchip/xc8/v1.45/sources/common/ftadd.c
		___ftadd       		CODE           	04AD	0000	264

/opt/microchip/xc8/v1.45/sources/common/ftadd.c estimated size: 264

/opt/microchip/xc8/v1.45/sources/common/lldiv.c
		___lldiv       		CODE           	0F36	0000	95

/opt/microchip/xc8/v1.45/sources/common/lldiv.c estimated size: 95

/opt/microchip/xc8/v1.45/sources/common/Umul16.c
		___wmul        		CODE           	0D24	0000	34

/opt/microchip/xc8/v1.45/sources/common/Umul16.c estimated size: 34

